// Jest Snapshot v1, https://goo.gl/fbAQLP

exports[`Pruebas en el archivo AddCategory.js Debe mostar correctamente el componente <AddCategory />  1`] = `
<form
  onSubmit={[Function]}
>
  <input
    onChange={[Function]}
    type="text"
    value=""
  />
</form>
`;
